╭─────────────────────────────[m[38;5;defaultm┌────────────────────────────┐
│  Catch the Moment           [m[38;5;defaultm│[m[m Name: ソラニン             [m[38;5;defaultm│
│  ICHIDAIJI                  [m[38;5;defaultm│[m[m Artist: ASIAN KUNG-FU GEN..[m[38;5;defaultm│
│  メーベル                   [m[38;5;defaultm│[m[m                            [m[38;5;defaultm│
│  glow                       [m[38;5;defaultm│[m[m                            [m[38;5;defaultm│
│  closing                    [m[38;5;defaultm│[m[m                            [m[38;5;defaultm│
│[m[38;5;;48;5;defaultm> [m[1;38;5;;48;5;defaultmソラニン[m[m                   [m[38;5;defaultm│[m[m                            [m[38;5;defaultm│
│  [m[38;5;m9/9[m[m                        [m[38;5;defaultm│[m[m                            [m[38;5;defaultm│
│[m[38;5;m> [m[38;5;m█[m[m                          [m[38;5;defaultm│[m[m                            [m[38;5;defaultm│
╰─────────────────────────────[m[38;5;defaultm└────────────────────────────┘
[m