╭─────────────────────────────[m[38;5;defaultm┌────────────────────────────┐
│  closing                    [m[38;5;defaultm│[m[m Name: あの日自分が出て行.. [m[38;5;defaultm│
│  ソラニン                   [m[38;5;defaultm│[m[m Artist:                    [m[38;5;defaultm│
│  adrenaline!!!              [m[38;5;defaultm│[m[m                            [m[38;5;defaultm│
│  ヒトリノ夜                 [m[38;5;defaultm│[m[m                            [m[38;5;defaultm│
│[m[38;5;;48;5;defaultm> [m[1;38;5;;48;5;defaultmあの日自分が出て行ってや..[m[m [m[38;5;defaultm│[m[m                            [m[38;5;defaultm│
│  [m[38;5;m9/9[m[m                        [m[38;5;defaultm│[m[m                            [m[38;5;defaultm│
│  [m[38;5;mSearch?[m[m                    [m[38;5;defaultm│[m[m                            [m[38;5;defaultm│
│[m[38;5;m> [m[38;5;m█[m[m                          [m[38;5;defaultm│[m[m                            [m[38;5;defaultm│
╰─────────────────────────────[m[38;5;defaultm└────────────────────────────┘
[m