╭──────────────────────────────────────────────────────────╮
│                                                          │
│                                                          │
│                                                          │
│                                                          │
│  three2[m[38;5;mone[m[m                                               │
│[m[38;5;;48;5;defaultm> [m[1;38;2;0;139;139;48;5;defaultmone[m[m                                                     │
│  [m[38;5;m2/2[m[m                                                     │
│[m[38;5;m> [m[1mone[m[38;5;m█[m[m                                                    │
╰──────────────────────────────────────────────────────────╯
[m