                              [m[38;5;0m┌────────────────────────────┐
                              [m[38;5;0m│[m[m not found                  [m[38;5;0m│
                              [m[38;5;0m│[m[m                            [m[38;5;0m│
                              [m[38;5;0m│[m[m                            [m[38;5;0m│
                              [m[38;5;0m│[m[m                            [m[38;5;0m│
                              [m[38;5;0m│[m[m                            [m[38;5;0m│
                              [m[38;5;0m│[m[m                            [m[38;5;0m│
                              [m[38;5;0m│[m[m                            [m[38;5;0m│
  [m[38;5;11m0/9[m[m                         [m[38;5;0m│[m[m                            [m[38;5;0m│
[m[38;5;12m> [m[1mゆるふわ樹[m[48;5;15m海[m[m                [m[38;5;0m└────────────────────────────┘
[m