╭─────────────────────────────[m[38;5;defaultm┌────────────────────────────┐
│                             [m[38;5;defaultm│[m[m Name: glow                 [m[38;5;defaultm│
│                             [m[38;5;defaultm│[m[m Artist: keeno              [m[38;5;defaultm│
│                             [m[38;5;defaultm│[m[m                            [m[38;5;defaultm│
│                             [m[38;5;defaultm│[m[m                            [m[38;5;defaultm│
│  c[m[38;5;mlo[m[msing                    [m[38;5;defaultm│[m[m                            [m[38;5;defaultm│
│[m[38;5;;48;5;defaultm> [m[1;38;5;;48;5;defaultmg[m[1;38;2;0;139;139;48;5;defaultmlo[m[1;38;5;;48;5;defaultmw[m[m                       [m[38;5;defaultm│[m[m                            [m[38;5;defaultm│
│  [m[38;5;m2/9[m[m                        [m[38;5;defaultm│[m[m                            [m[38;5;defaultm│
│[m[38;5;m> [m[1mlo[m[38;5;m█[m[m                        [m[38;5;defaultm│[m[m                            [m[38;5;defaultm│
╰─────────────────────────────[m[38;5;defaultm└────────────────────────────┘
[m