  ICHIDAIJI                   [m[38;5;defaultm┌────────────────────────────┐
  メーベル                    [m[38;5;defaultm│[m[m foo                        [m[38;5;defaultm│
  glow                        [m[38;5;defaultm│[m[m bar                        [m[38;5;defaultm│
  closing                     [m[38;5;defaultm│[m[m                            [m[38;5;defaultm│
  ソラニン                    [m[38;5;defaultm│[m[m                            [m[38;5;defaultm│
  adrenaline!!!               [m[38;5;defaultm│[m[m                            [m[38;5;defaultm│
  ヒトリノ夜                  [m[38;5;defaultm│[m[m                            [m[38;5;defaultm│
[m[38;5;;48;5;defaultm> [m[1;38;5;;48;5;defaultmあの日自分が出て行ってや..[m[m  [m[38;5;defaultm│[m[m                            [m[38;5;defaultm│
  [m[38;5;m0/9/9[m[m                       [m[38;5;defaultm│[m[m                            [m[38;5;defaultm│
[m[38;5;m> [m[38;5;m█[m[m                           [m[38;5;defaultm└────────────────────────────┘
[m