╭─────────────────────────────[m[38;5;defaultm┌────────────────────────────┐
│                             [m[38;5;defaultm│[m[m Name: adrenaline!!!        [m[38;5;defaultm│
│                             [m[38;5;defaultm│[m[m Artist: TrySail            [m[38;5;defaultm│
│                             [m[38;5;defaultm│[m[m                            [m[38;5;defaultm│
│                             [m[38;5;defaultm│[m[m                            [m[38;5;defaultm│
│  C[m[38;5;ma[m[mtch the Moment           [m[38;5;defaultm│[m[m                            [m[38;5;defaultm│
│[m[38;5;;48;5;defaultm> [m[1;38;2;0;139;139;48;5;defaultma[m[1;38;5;;48;5;defaultmdrenaline!!![m[m              [m[38;5;defaultm│[m[m                            [m[38;5;defaultm│
│  [m[38;5;m2/9[m[m                        [m[38;5;defaultm│[m[m                            [m[38;5;defaultm│
│[m[38;5;m> [m[1ma[m[38;5;m█[m[m                         [m[38;5;defaultm│[m[m                            [m[38;5;defaultm│
╰─────────────────────────────[m[38;5;defaultm└────────────────────────────┘
[m