                                                            
                                                            
                                                            
                                                            
                                                            
                                                            
                                                            
[m[38;5;;48;5;defaultm> [m[1;38;5;;48;5;defaultmBaz[m[m                                                       
  [m[38;5;m0/1/3[m[m                                                     
[m[38;5;m> [m[1mid-7[m[38;5;m█[m[m                                                     
[m