                                                            
                                                            
                                                            
                                                            
                                                            
                                                            
                                                            
[m[38;5;9;48;5;0m> [m[1;38;5;11;48;5;0mBar[m[m                                                       
  [m[38;5;11m1/3[m[m                                                       
[m[38;5;12m> [m[1mid-456[m[38;5;15m█[m[m                                                   
[m