╭─────────────────────────────[m[38;5;defaultm┌────────────────────────────┐
│  glow                       [m[38;5;defaultm│[m[m ab[m[38;5;mc[m[48;5;md[m[38;5;me[m[48;5;mf[m[38;2;10;200;30mg[m[48;2;255;200;100mh[m[mfoofoofoofoofoofo..[m[38;5;defaultm│
│  closing                    [m[38;5;defaultm│[m[m                            [m[38;5;defaultm│
│  ソラニン                   [m[38;5;defaultm│[m[m                            [m[38;5;defaultm│
│  adrenaline!!!              [m[38;5;defaultm│[m[m                            [m[38;5;defaultm│
│  ヒトリノ夜                 [m[38;5;defaultm│[m[m                            [m[38;5;defaultm│
│[m[38;5;;48;5;defaultm> [m[1;38;5;;48;5;defaultmあの日自分が出て行ってや..[m[m [m[38;5;defaultm│[m[m                            [m[38;5;defaultm│
│  [m[38;5;m9/9[m[m                        [m[38;5;defaultm│[m[m                            [m[38;5;defaultm│
│[m[38;5;m> [m[38;5;m█[m[m                          [m[38;5;defaultm│[m[m                            [m[38;5;defaultm│
╰─────────────────────────────[m[38;5;defaultm└────────────────────────────┘
[m